// Jest Snapshot v1, https://goo.gl/fbAQLP

exports[`ResetPasswordForm Snapshot of ResetPasswordForm 1`] = `
<Component
  panelHeadingClassName="users-from-panel-heading"
  title="Reset password"
>
  <Connect(SystemMessage) />
  <form
    className="readmin-form inline users-form"
  >
    <div
      className="row"
    >
      <div
        className="col-md-6"
      >
        <PasswordField
          floatingLabelText="Password"
        />
      </div>
      <div
        className="col-md-6"
      >
        <ConfirmPasswordField
          floatingLabelText="Confirm Password"
        />
      </div>
      <div
        className="col-md-12 mt-4 mb-4"
      >
        <Field
          component={[Function]}
          label="Require a change of password in the next sign in"
          name="forcePasswordChange"
        />
      </div>
    </div>
    <div
      className="row mt-3 mb-3"
    >
      <div
        className="col-md-6"
      />
      <div
        className="col-md-2 my-auto"
      >
        <span
          className="cancel-link"
          onClick={[Function]}
        >
          Cancel
        </span>
      </div>
      <div
        className="col-md-4"
      >
        <Connect(MuiComponent)
          label="Reset Password"
        />
      </div>
    </div>
  </form>
</Component>
`;
