// Jest Snapshot v1, https://goo.gl/fbAQLP

exports[`ForgotPassword component Shallow snapshot initial state 1`] = `
<div
  className="auth-login-wrapper"
>
  <div
    className="auth-login-fields"
  >
    <div
      className="py-2"
    />
    <h4>
      passwordForget.formHeader
    </h4>
    <div
      className="py-3"
    />
    <form>
      <span>
        passwordForget.headerInfo
      </span>
      <Field
        component={[Function]}
        floatingLabelText="passwordForget.email.field"
        id="email"
        name="email"
        type="email"
      />
      <div
        className="py-2"
      />
      <div
        className="pt20"
      >
        <Connect(SubmitBtnLoader)
          label="passwordForget.submitBtn"
        />
      </div>
      <div
        className="py-2"
      />
      <div
        className="pt20 links"
      >
        <Link
          replace={false}
          to="/login"
        >
          passwordForget.backToLogin
        </Link>
      </div>
    </form>
    <div
      className="py-2"
    />
  </div>
</div>
`;
