// Jest Snapshot v1, https://goo.gl/fbAQLP

exports[`ResetPasswordDialog Snapshot of ResetPasswordDialog 1`] = `
<Dialog
  autoDetectWindowHeight={true}
  autoScrollBodyContent={false}
  bodyStyle={
    Object {
      "overflowY": "unset",
    }
  }
  modal={false}
  onRequestClose={[Function]}
  open={false}
  overlayStyle={
    Object {
      "backgroundColor": "#797979",
      "opacity": "0.8",
    }
  }
  paperProps={
    Object {
      "style": Object {
        "backgroundColor": "none",
      },
      "zDepth": 0,
    }
  }
  repositionOnUpdate={true}
/>
`;
