// Jest Snapshot v1, https://goo.gl/fbAQLP

exports[`AddIcon Snapshot of AddIcon 1`] = `
<FloatingActionButton
  backgroundColor="#e18927"
  disabled={false}
  mini={true}
  onClick={[Function]}
  secondary={false}
  style={
    Object {
      "boxShadow": "none",
    }
  }
  zDepth={2}
>
  <FontIcon
    className="material-icons"
    onMouseEnter={[Function]}
    onMouseLeave={[Function]}
  >
    add
  </FontIcon>
</FloatingActionButton>
`;
